Welcome, please enter a command.
Please enter your username
Privileged Login successful, now logged in as admin, please enter a command
AddCredit selected, Please enter username:
Please enter amount of credit:
Transaction successful, please enter a command.
Session ended
