Welcome, please enter a command.
Please enter your username
Privileged Login successful, now logged in as admin, please enter a command
AddCredit selected, Please enter username:
Please enter amount of credit:
Invalid username (user does not exist), please enter a command.
Session ended
