Welcome, please enter a command.
Please enter your username
Privileged Login successful, now logged in as admin, please enter a command
Buy tickets selected, please enter the event title:
Please enter the number of tickets:
Please enter the seller's username:
You are buying 1 tickets for event1 from admin for $10, can you please confirm with yes/no?
Transaction confirmed, please enter a command
Session ended
