event1              user1         1   10.00 
END                                         
