Welcome, please enter a command.
Please enter your username
Privileged Login successful, now logged in as admin, please enter a command
Create account selected, please enter the username:
Please enter the account type:
Please enter the amount of credit:
Transaction successful, please enter a command.
Session ended
