Welcome, please enter a command.
Please enter your username
Privileged Login successful, now logged in as user1, please enter a command
Create account selected, please enter the username:
Please enter the account type:
You are not authorized to do that. please enter a command
Session ended
