Welcome, please enter a command.
Please enter your username
Privileged Login successful, now logged in as admin, please enter a command
Create account selected, please enter the username:
Please enter the account type:
Invalid credit (exceeds 999,999). Please enter a command.
Session ended
