Welcome, please enter a command.
Please enter your username
Privileged Login successful, now logged in as admin, please enter a command
Delete account selected, please enter the username:
Invalid username (user does not exist). Session ended.
Session ended
