Welcome, please enter a command.
Please enter your username
Privileged Login successful, now logged in as admin, please enter a command
Delete account selected, please enter the username:
Transaction successful, please enter a command.
Session ended
