Welcome, please enter a command.
Please enter your username
Privileged Login successful, now logged in as admin, please enter a command
Delete account selected, please enter the username:
Transaction successful, please enter a command.
Buy tickets selected, please enter the event title:
Please enter the number of tickets:
Please enter the seller's username:
Invalid username, please enter a command.
Session ended
