Welcome, please enter a command.
Please enter your username
Privileged Login successful, now logged in as admin, please enter a command
Delete account selected, please enter the username:
Transaction cancelled (user is invalid), please enter a command
Session ended
