Welcome, please enter a command.
Invalid command (must be logged in first). Please try again.
Session ended
