Welcome, please enter a command.
Please enter your username
Non-privileged Login successful, now logged in as user1, please enter a command
User is non privileged, please enter a command
Session ended
