Welcome, please enter a command.
Please enter your username
Privileged Login successful, now logged in as admin, please enter a command
Refund selected, please enter the buyer's username:
Please enter the seller's username:
user1 is the buyer, and admin is the seller, please enter the amount of credit:
Session ended
