event1              admin         2   10.00 
END                                         
