Welcome, please enter a command.
Please enter your username
Privileged Login successful, now logged in as admin, please enter a command
Sell tickets selected, please enter an event:
event1 selected, please enter the price:
Please enter the amount of tickets:
Invalid event title (too long), please enter a command.
Session ended
