event1              admin         2   10    
event1              admin         2   10    
END                                         
