Welcome, please enter a command.
Please enter your username
Non-privileged Login successful, now logged in as user2, please enter a command
Sell tickets selected, please enter an event:
event1 selected, please enter the price:
Please enter the amount of tickets:
Invalid command (account not privileged), please enter a command.
Session ended
