Welcome, please enter a command.
Please enter your username
Non-privileged Login successful, now logged in as user1, please enter a command
You're now logged out, please enter a command
Session ended
